712 sequence; length of alignment 230
alifold output
   73   105  3 100.0%   0.000 CG:122  GC:548  GU:5    UG:7    AU:10   UA:15   --:2   
   72   106 13 100.0%   0.000 CG:321  GC:208  GU:1    UG:2    AU:36   UA:127  --:4   
    7   225 11 100.0%   0.000 CG:12   GC:438  GU:9    AU:209  UA:24   --:9   
    8   223 11 100.0%   0.000 CG:434  GC:10   UG:236  AU:3    UA:6    --:12  
   21   146 10  99.8%   0.005 CG:227  GC:402  GU:10   UG:4    AU:3    UA:55   --:1   
  178   183 10  99.8%   0.008 CG:127  GC:435  GU:11   UG:16   AU:43   UA:37   --:33  
  154   211 10  99.8%   0.007 CG:483  GC:84   GU:17   UG:34   AU:15   UA:68   --:1   
    5   227 22 100.0%   0.000 CG:222  GC:57   GU:6    UG:18   AU:79   UA:285  --:23  
   28   140 27 100.0%   0.000 CG:163  GC:219  GU:13   UG:8    AU:178  UA:103  --:1   
   32   138 27 100.0%   0.000 CG:109  GC:242  GU:24   UG:24   AU:182  UA:104 
   10   220 20 100.0%   0.001 CG:5    GC:323  GU:330  AU:21   UA:2    --:11  
    6   226 29 100.0%   0.000 CG:37   GC:358  GU:4    UG:6    AU:51   UA:215  --:12  
   30   139 36 100.0%   0.000 CG:168  GC:256  GU:17   UG:17   AU:129  UA:88   --:1   
  177   185 18  99.8%   0.007 CG:113  GC:453  GU:27   UG:32   AU:27   UA:10   --:32  
   11   219 28 100.0%   0.001 CG:16   GC:357  GU:54   AU:216  UA:30   --:11  
  153   212 16  99.7%   0.012 CG:611  GC:37   GU:4    UG:6    AU:7    UA:30   --:1   
   22   144 28  99.9%   0.004 CG:536  GC:36   UG:29   AU:35   UA:47   --:1   
   34   137 22  99.7%   0.008 CG:114  GC:204  GU:3    UG:95   AU:120  UA:153  --:1   
    4   228 82  99.9%   0.003 CG:262  GC:68   GU:66   UG:65   AU:15   UA:115  --:39  
   27   141 28  99.6%   0.012 CG:25   GC:277  GU:68   UG:3    AU:271  UA:36   --:4   
   71   108 42  99.6%   0.017 CG:603  GC:21   GU:2    UG:9    AU:4    UA:29   --:2   
  172   188 45  99.6%   0.013 CG:27   GC:434  GU:18   AU:139  UA:3    --:46  
  171   189 66  99.4%   0.018 CG:181  GC:229  GU:9    UG:9    AU:52   UA:125  --:41  
   78   104  3  98.5%   0.046 GC:110  GU:3    AU:376  UA:217  --:3   
   13   217 132  97.5%   0.075 CG:341  UG:165  AU:1    UA:67   --:6   
  168   193 32  97.1%   0.104 CG:468  GC:84   GU:77   UG:8    AU:4    UA:7    --:32  
  158   205 21  96.2%   0.111 CG:23   GC:236  GU:11   AU:407  UA:14  
    3   229 46  96.1%   0.115 CG:152  GC:182  GU:9    UG:62   AU:98   UA:102  --:61  
  159   204 129  95.8%   0.124 CG:14   GC:196  GU:6    UG:320  AU:39   UA:8   
  169   191 18  88.2%   0.349 CG:41   GC:1    GU:3    UG:567  UA:6    --:76  
   36   136 151  66.4%   1.127 CG:2    GC:529  GU:12   UG:4    AU:10   UA:3    --:1   
   81    99 12  59.2%   0.934 CG:619  UG:69   UA:1    --:11  
   80   100 105  54.1%   1.000 UG:2    AU:1    UA:592  --:12  
   40   113 114  35.9%   1.453 GC:74   GU:273  AU:242  UA:4    --:5   
   55   112 50  35.3%   1.630 CG:583  UG:73   UA:2    --:4   
   87    99  7  30.1%   1.483 CG:687  UG:6    UA:1    --:11   +
  113   118 68  26.4%   1.744 CG:105  UG:352  AU:3    UA:181  --:3    +
   40    55 294  25.9%   1.225 CG:1    GC:341  GU:17   AU:47   UA:5    --:7    +
  112   136 53  24.8%   2.013 GC:617  GU:40   --:2    +
   68   112 11  22.3%   1.511 CG:672  GC:8    UG:7    AU:4    UA:7    --:3    +
   57   113 13  19.8%   1.329 GC:107  GU:10   AU:546  UA:34   --:2    +
  166   195 22  14.1%   0.856 UG:1    UA:688  --:1    +
   36    55 168   6.3%   0.525 GC:469  GU:63   UG:1    AU:7    UA:1    --:3    +
   36    68 162   4.3%   0.581 CG:1    GC:534  GU:10   UG:1    AU:1    UA:1    --:2    +
   86    99 38   2.2%   0.569 CG:552  UG:105  --:17   +
  166   199  5   0.6%   0.400 CG:7    UG:263  UA:436  --:1    +
   99   103  4   0.0%   0.784 GC:680  GU:16   AU:1    --:11   +
   89    99  4   0.0%   0.764 CG:4    UG:689  UA:4    --:11   +
  166   194 15   0.5%   0.078 UG:642  UA:27   --:28   +
   18   149 51   0.3%   0.071 CG:24   UG:630  UA:4    --:3    +
  168   191 187   0.3%   0.052 CG:437  GC:1    UG:11   --:76   +
   89   100 41   0.3%   0.379 UG:2    UA:658  --:11   +
   15   149 117   0.3%   0.049 CG:506  UG:81   UA:1    --:7    +
   90    99 88   0.2%   0.806 CG:445  UG:167  --:12   +
   15   217 246   0.2%   0.081 CG:374  GC:1    UG:59   AU:1    UA:22   --:9    +
  118   136 229   0.2%   1.009 GC:441  GU:28   AU:11   --:3    +
  149   166 18   0.0%   0.036 GC:1    GU:688  AU:3    --:2    +
  103   112 22   0.0%   0.705 CG:668  UG:16   UA:1    --:5    +
   13   149 24   0.0%   0.001 CG:451  UG:230  UA:3    --:4    +
  169   194 24   0.0%   0.143 CG:41   UG:588  UA:26   --:33   +
  166   191 18   0.0%   0.001 UG:640  UA:6    --:48   +
  168   194 178   0.1%   0.088 CG:474  GC:8    GU:4    UG:8    UA:8    --:32   +
  149   153 61   0.0%   0.035 CG:1    GC:609  GU:35   UG:2    AU:1    UA:2    --:1    +
   80    99 54   0.0%   0.010 CG:21   UG:622  UA:3    --:12   +
   68   108 85   0.1%   0.149 CG:603  GC:8    UG:13   UA:1    --:2    +
   71   112 44   0.0%   0.707 CG:615  GC:8    GU:3    UG:39   --:3    +
  179   183 132   0.0%   0.011 CG:5    GC:413  GU:44   UG:31   AU:1    UA:2    --:84   +
  108   113 64   0.0%   0.701 GC:108  GU:485  AU:50   UA:4    --:1    +
  178   185 152   0.0%   0.012 CG:69   GC:389  GU:31   UG:37   AU:2    --:32   +
  158   166 43   0.0%   0.001 GC:5    GU:250  AU:413  --:1    +
   18   217 45   0.0%   0.057 CG:24   UG:456  UA:180  --:7    +
   55   108 109   0.0%   0.532 CG:533  UG:61   AU:1    UA:5    --:3    +
  194   205 63   0.0%   0.069 GC:235  GU:362  AU:23   UA:1    --:28   +
   18   212 82   0.0%   0.020 CG:21   GC:1    GU:3    UG:572  UA:30   --:3    +
  165   205 49   0.0%   0.038 GC:242  GU:326  AU:1    --:94   +
  153   165 42   0.0%   0.002 CG:539  UG:37   --:94   +
  149   154 125   0.0%   0.035 CG:1    GC:478  GU:100  UG:5    AU:1    UA:1    --:1    +
  177   183 166   0.0%   0.004 CG:51   GC:396  GU:33   UG:30   AU:3    --:33   +
   54   114 122   0.0%   0.001 CG:122  GC:14   GU:163  UG:1    AU:280  --:10   +
  149   219 70   0.0%   0.036 GC:360  GU:268  AU:4    --:10   +
  179   185 150   0.0%   0.007 CG:2    GC:414  GU:36   UG:20   AU:5    UA:1    --:84   +
   15   212 179   0.0%   0.021 CG:451  GC:1    UG:71   UA:3    --:7    +
   18   144 107   0.0%   0.000 CG:24   UG:512  AU:1    UA:66   --:2    +
   80    88 91   0.0%   0.001 CG:4    UG:192  UA:413  --:12   +
   13   212 88   0.0%   0.001 CG:401  UG:210  UA:9    --:4    +
  154   165 120   0.0%   0.001 CG:399  GC:1    UG:97   UA:1    --:94   +
  153   211 217   0.0%   0.002 CG:456  GC:2    GU:2    UG:27   AU:1    UA:6    --:1    +
  154   212 179   0.0%   0.008 CG:438  GC:3    GU:6    UG:76   UA:9    --:1    +
   36    71 184   0.0%   0.311 CG:1    GC:487  GU:35   UG:2    UA:1    --:2    +
  169   195 68   0.0%   0.388 UG:1    UA:610  --:33   +
   91    99 93   0.0%   0.778 CG:519  UG:88   --:12   +
  108   136 114   0.0%   0.285 GC:559  GU:38   --:1    +
   15   211 254   0.0%   0.016 CG:364  GC:5    GU:1    UG:72   AU:1    UA:8    --:7    +
   22   149 95   0.0%   0.036 CG:543  UG:72   --:2    +
  153   160 284   0.0%   0.000 CG:380  GC:2    GU:18   UG:17   AU:5    UA:6    +
   73   103 153   0.0%   0.000 GC:542  GU:10   AU:2    --:5    +
   68   118 236   0.0%   0.475 CG:458  UG:11   UA:3    --:4    +
..((((((.((.(.......((....((.(.(.(.(...(..............(...............(((....(.((.................))...))).)...))......................))))))..).)......((...((........((.((....((....).)..)).).)..........)).....))....).))..).))))).
