208 sequence; length of alignment 278
alifold output
   61    74  0 100.0%   0.003 CG:189  GC:1    UG:2    AU:11   UA:5   
   62    73  0 100.0%   0.003 CG:4    GC:8    GU:1    AU:194  UA:1   
   59    76  0  99.4%   0.018 CG:3    GC:8    AU:133  UA:64  
   18    29  0 100.0%   0.000 CG:202  GC:2    UG:1    --:3   
  218   268  1 100.0%   0.001 CG:4    GC:37   GU:10   UG:143  AU:2    UA:10   --:1   
   82    97  1 100.0%   0.000 CG:23   GC:45   GU:5    AU:26   UA:105  --:3   
   60    75  1  99.9%   0.003 CG:5    GC:2    UG:14   AU:12   UA:174 
   83    96  2 100.0%   0.000 CG:66   GC:52   GU:7    UG:10   AU:19   UA:41   --:11  
   85    94  2 100.0%   0.000 CG:62   GC:18   GU:6    UG:9    AU:15   UA:94   --:2   
  172   192  2  99.9%   0.002 CG:3    GC:20   GU:48   UG:21   AU:79   UA:19   --:16  
   84    95  3 100.0%   0.000 CG:117  GC:31   GU:6    UG:2    AU:10   UA:37   --:2   
  228   250  3 100.0%   0.000 CG:14   GC:140  GU:4    UG:3    AU:24   UA:14   --:6   
  151   210  3 100.0%   0.000 CG:26   GC:72   GU:1    UG:10   AU:58   UA:30   --:8   
  173   191  2 100.0%   0.000 CG:1    GC:186  UG:1    UA:2    --:16  
   63    72  2 100.0%   0.002 CG:4    GC:195  AU:1    UA:6   
  216   270  3 100.0%   0.000 CG:67   GC:92   UG:11   AU:22   UA:10   --:3   
  219   267  4 100.0%   0.001 CG:69   GC:17   GU:6    UG:38   AU:2    UA:71   --:1   
  229   249  4  99.9%   0.003 CG:33   GC:142  GU:5    UG:3    AU:8    UA:7    --:6   
  174   189  2  99.4%   0.017 CG:184  GC:1    UG:1    AU:1    UA:6    --:13  
   17    30  2 100.0%   0.000 GC:201  GU:1    AU:1    --:3   
  217   269  5 100.0%   0.000 CG:4    GC:77   GU:16   UG:48   AU:53   UA:2    --:3   
  150   211  4  99.9%   0.004 CG:7    GC:163  GU:2    AU:7    UA:17   --:8   
   86    93  5 100.0%   0.001 CG:140  GC:7    UG:9    AU:4    UA:34   --:9   
   19    28  4 100.0%   0.001 CG:180  GC:1    UG:3    UA:18   --:2   
  152   209  7 100.0%   0.000 CG:33   GC:55   GU:7    UG:12   AU:68   UA:17   --:9   
  171   193 10 100.0%   0.000 CG:9    GC:116  GU:5    UG:5    AU:16   UA:30   --:17  
  153   208 11 100.0%   0.000 CG:19   GC:86   GU:21   UG:5    AU:40   UA:15   --:11  
  225   253 13  99.9%   0.003 CG:148  GC:9    GU:2    UG:5    AU:5    UA:24   --:2   
  220   266 11  99.8%   0.007 CG:51   GC:91   GU:26   UG:6    AU:9    UA:13   --:1   
  155   206 32 100.0%   0.001 CG:15   GC:66   GU:8    UG:11   AU:40   UA:24   --:12  
  227   251 37 100.0%   0.001 CG:49   GC:27   GU:5    UG:5    AU:11   UA:72   --:2   
  226   252 45 100.0%   0.000 CG:118  GC:12   GU:2    UG:1    AU:3    UA:25   --:2   
  156   205 53  99.9%   0.004 CG:13   GC:51   GU:13   UG:7    AU:41   UA:17   --:13  
  157   204 38  99.8%   0.006 CG:29   GC:78   GU:5    UG:4    AU:34   UA:9    --:11  
   81    98 31  99.6%   0.012 CG:9    GC:126  GU:5    UG:3    AU:11   UA:20   --:3   
  170   194  8  98.7%   0.039 CG:8    GC:85   GU:10   UG:4    AU:17   UA:57   --:19  
  215   271 49  99.1%   0.037 CG:9    GC:118  GU:7    UG:11   AU:6    UA:5    --:3   
  158   203 47  92.7%   0.212 CG:28   GC:40   GU:41   UG:4    AU:23   UA:14   --:11  
    9    34  3  90.2%   0.279 CG:199  GC:1    UG:1    UA:3    --:1   
   10    33 14  89.2%   0.311 GU:2    AU:5    UA:187 
   16    31 55  87.6%   0.350 GC:1    GU:142  AU:8    --:2   
    8    35  2  85.8%   0.398 AU:1    UA:204  --:1   
   58    77  2  82.3%   0.757 GC:1    UG:1    AU:12   UA:192 
   87    92 58  78.4%   0.571 CG:77   GC:2    GU:4    UG:34   AU:9    UA:6    --:18  
   47    51 10  75.6%   0.921 GC:195  AU:1    UA:1    --:1   
   46    52  5  75.7%   1.031 AU:202  --:1   
   45    53  2  72.6%   1.037 CG:1    UG:205 
   42    56 12  70.5%   1.421 GC:193  GU:2    --:1   
   39    57 19  55.0%   1.349 AU:188  --:1   
   44    54 10  33.6%   1.415 GC:1    GU:196  AU:1    +
   37    53  0  16.9%   0.953 CG:207  UG:1    +
   38    52  6  14.6%   0.909 AU:201  --:1    +
   38    58 17  13.5%   1.161 AU:190  UA:1    +
   37   137 70  10.2%   1.118 CG:138  +
   43    49  1   8.8%   0.691 UG:1    UA:205  --:1    +
   34    56  7   9.5%   0.779 GC:198  GU:2    --:1    +
   35    55  2   9.3%   0.816 AU:205  --:1    +
   38   136 28   9.4%   1.312 AU:180  +
   42    51 12   9.2%   0.907 GC:194  GU:1    --:1    +
   44    48  1   7.4%   0.620 GU:196  AU:1    UA:9    --:1    +
   33    57 21   8.5%   0.744 AU:186  --:1    +
   42    50 21   7.5%   0.640 GC:1    GU:185  --:1    +
   39   135 31   5.8%   0.988 UG:1    AU:172  UA:3    --:1    +
   36   138 38   5.5%   0.555 UG:125  UA:45   +
  233   239 52   5.4%   0.576 CG:1    GU:4    UG:28   UA:118  --:5    +
  234   238 30   3.8%   0.371 CG:3    GC:7    GU:119  AU:44   UA:1    --:4    +
   47    56 12   3.7%   1.124 GC:192  GU:2    --:2    +
   46    57  4   3.4%   1.121 AU:203  --:1    +
  232   239 37   3.0%   0.316 CG:1    GU:5    UG:26   AU:7    UA:126  --:6    +
   39    52 20   2.8%   0.628 AU:187  --:1    +
   49    55  0   0.2%   0.547 GC:1    AU:205  --:2    +
   44    50  2   0.7%   0.547 GC:11   GU:184  AU:1    UA:9    --:1    +
   49    66  0   0.0%   0.282 GU:1    AU:206  --:1    +
   49    57  0   0.0%   0.951 GU:1    AU:205  --:2    +
    6   272 27   1.7%   0.342 CG:1    GC:1    UG:6    UA:155  --:18   +
  234   240 65   1.6%   0.322 CG:3    GC:95   GU:28   UG:2    AU:9    UA:2    --:4    +
   42   134 22   1.4%   0.919 GC:6    GU:179  --:1    +
   44    56 11   1.2%   1.303 GC:194  GU:1    AU:1    --:1    +
    2   272 61   1.3%   0.221 CG:1    GU:1    UG:9    UA:136  +
   44   132  9   0.8%   0.876 GC:2    GU:190  AU:1    UA:5    --:1    +
   36    49  1   0.2%   0.044 UG:1    UA:205  --:1    +
   45    49  3   0.7%   0.331 UG:1    UA:203  --:1    +
   49    54  1   0.1%   0.660 GU:1    AU:205  --:1    +
   44    51 10   0.8%   0.615 GC:195  GU:1    UA:1    --:1    +
   53    57  0   0.0%   1.207 GU:207  --:1    +
   31    53  1   0.0%   0.117 CG:1    UG:205  --:1    +
   43    68  1   0.0%   0.252 UG:1    UA:206  +
   37    44 11   0.7%   0.114 CG:196  UG:1    +
   45   131 22   0.8%   0.418 UG:8    UA:177  --:1    +
   43   272 22   0.8%   0.578 UG:10   UA:176  +
   42   273 85   0.8%   0.929 GC:108  GU:15   +
    8    34  3   0.0%   0.001 CG:2    UG:199  UA:3    --:1    +
   38    43  6   0.5%   0.116 AU:202  +
    5   137 64   0.6%   0.126 CG:119  UG:6    AU:1    --:18   +
    9    53  2   0.0%   0.094 CG:201  UG:4    --:1    +
   17    31  2   0.0%   0.116 GU:202  AU:1    --:3    +
   45   272 22   0.5%   0.621 CG:1    UG:8    UA:177  +
    5    42 15   0.5%   0.091 CG:162  UG:13   --:18   +
   47   118  7   0.0%   0.359 GC:33   GU:154  UG:6    AU:2    UA:2    --:4    +
   44   273 77   0.6%   0.934 GC:115  GU:12   UG:2    UA:2    +
   44   118  8   0.0%   0.735 GC:33   GU:155  UG:6    AU:1    UA:2    --:3    +
    6    39 30   0.5%   0.101 UA:160  --:18   +
   45    68  3   0.0%   0.272 UG:1    UA:204  +
   43    53  1   0.0%   0.555 UG:207  +
   36    53  1   0.0%   0.020 UG:207  +
   35    57  1   0.0%   0.584 AU:206  --:1    +
   34    55  3   0.0%   0.108 GU:201  AU:3    --:1    +
   36   272 22   0.4%   0.415 UG:10   UA:176  +
  178   189 10   0.0%   0.009 CG:1    GC:1    GU:1    UG:179  UA:3    --:13   +
   47   117  8   0.0%   0.360 GC:1    GU:184  UG:6    AU:2    --:7    +
   42   213 53   0.4%   0.849 GC:129  GU:23   UG:1    UA:1    --:1    +
  131   136 20   0.2%   0.355 GU:3    UG:4    AU:177  UA:3    --:1    +
   47   135 11   0.0%   0.528 GC:10   GU:179  UG:1    AU:2    UA:3    --:2    +
   47   132  9   0.0%   0.424 GC:1    GU:190  AU:1    UA:5    --:2    +
    8   272 23   0.3%   0.339 UG:10   UA:174  --:1    +
   43   212 22   0.3%   0.368 UG:51   UA:135  +
    6   212 30   0.3%   0.128 CG:1    UG:44   AU:1    UA:114  --:18   +
   44   117  9   0.0%   0.732 GC:1    GU:185  UG:6    AU:1    --:6    +
   45    67  4   0.0%   0.270 UG:34   UA:170  +
   37    47 11   0.2%   0.079 CG:195  UG:1    --:1    +
   44   135 12   0.0%   0.943 GC:10   GU:180  UG:1    AU:1    UA:3    --:1    +
  128   137 57   0.3%   0.354 CG:76   GC:2    GU:3    UG:49   AU:7    UA:12   --:2    +
    5   138 73   0.3%   0.124 CG:106  UG:8    AU:1    UA:2    --:18   +
    9   137 72   0.3%   0.185 CG:133  UG:2    --:1    +
   38    57  5   0.2%   0.586 AU:202  --:1    +
   35    54  2   0.0%   0.158 AU:206  +
    2    42 12   0.1%   0.034 CG:30   UG:163  AU:3    +
   47   134 13   0.0%   0.432 GC:3    GU:185  UG:2    AU:2    UA:1    --:2    +
    6   119 16   0.1%   0.076 CG:4    UG:1    AU:2    UA:165  --:20   +
    4   141 61   0.3%   0.048 CG:43   GC:50   GU:31   UG:3    UA:2    --:18   +
   34    51  7   0.2%   0.134 GC:200  --:1    +
   44   213 48   0.3%   0.845 GC:133  GU:22   UG:3    UA:1    --:1    +
   47    54  9   0.0%   0.617 GC:1    GU:195  AU:2    --:1    +
    6    38 18   0.3%   0.058 UA:172  --:18   +
    5    53  5   0.0%   0.031 CG:171  UG:14   --:18   +
   44   134 14   0.0%   0.848 GC:3    GU:186  UG:2    AU:1    UA:1    --:1    +
   35    43  2   0.0%   0.144 AU:206  +
    6    53  5   0.0%   0.048 CG:12   UG:173  --:18   +
    2   212 55   0.3%   0.088 CG:8    UG:38   UA:107  +
    8   138 38   0.3%   0.208 CG:2    UG:121  UA:46   --:1    +
    4   142 61   0.2%   0.057 CG:48   GC:34   GU:36   UG:2    AU:4    UA:5    --:18   +
   10   272 28   0.2%   0.306 GU:1    UG:9    UA:170  +
  119   134 17   0.1%   0.122 GU:5    UG:1    AU:179  UA:4    --:2    +
   34   133  9   0.0%   0.334 GC:5    GU:189  AU:4    --:1    +
    5    34  9   0.0%   0.002 CG:168  UG:11   UA:2    --:18   +
   45   212 22   0.2%   0.413 UG:51   UA:135  +
   44    55 10   0.0%   0.909 GC:1    GU:195  AU:1    --:1    +
   52    62  6   0.0%   0.610 UG:9    UA:192  --:1    +
   43   131 20   0.2%   0.313 UG:8    UA:179  --:1    +
  134   212 20   0.0%   0.170 CG:5    GC:2    GU:1    UG:45   AU:3    UA:131  --:1    +
   53   133  6   0.0%   0.559 GC:5    GU:196  --:1    +
   42   132 21   0.2%   0.758 GC:4    GU:182  --:1    +
  184   189 10   0.0%   0.007 CG:2    UG:180  UA:3    --:13   +
   10    34 10   0.0%   0.200 CG:1    UG:195  UA:2    +
  119   136 19   0.0%   0.269 GC:4    GU:1    UG:1    AU:177  UA:4    --:2    +
   35    50 22   0.2%   0.176 AU:185  --:1    +
   16   273 66   0.2%   0.157 GC:96   GU:10   UG:2    AU:2    UA:31   --:1    +
   33    52 21   0.2%   0.141 AU:186  --:1    +
    2    53  7   0.0%   0.018 CG:36   UG:165  +
   42   275 50   0.2%   0.896 GC:103  GU:53   UA:1    --:1    +
   44   136 20   0.0%   1.000 GC:8    GU:177  UG:1    AU:1    UA:1    +
   10    77 16   0.0%   0.108 GU:2    UG:1    AU:1    UA:188  +
   10    35  8   0.0%   0.243 AU:1    UA:199  +
   48   272 24   0.1%   0.459 GU:1    UG:8    AU:1    UA:173  --:1    +
   36    75 13   0.0%   0.021 UG:19   AU:1    UA:175  +
   39   133 27   0.2%   0.511 AU:179  UA:1    --:1    +
   15    34 13   0.0%   0.096 CG:127  UG:57   UA:1    --:10   +
  131   135 24   0.0%   0.258 GC:5    GU:3    UG:1    AU:170  UA:4    --:1    +
   46    55  5   0.1%   0.461 AU:202  --:1    +
    2   131 57   0.1%   0.052 CG:1    UG:7    AU:1    UA:141  --:1    +
    6   131 24   0.1%   0.085 CG:2    UG:2    UA:161  --:19   +
   10   212 22   0.0%   0.167 CG:1    UG:49   AU:3    UA:133  +
   42   274 48   0.2%   0.885 GC:124  GU:36   +
   37   138 82   0.2%   0.832 CG:125  UA:1    +
  133   212 23   0.0%   0.115 CG:1    GU:1    UG:47   AU:1    UA:134  --:1    +
   36   212 20   0.1%   0.240 UG:51   AU:1    UA:136  +
   16   274 72   0.1%   0.162 GC:97   GU:23   UG:3    AU:3    UA:9    --:1    +
  135   272 24   0.0%   0.442 CG:2    GU:1    UG:8    AU:4    UA:168  --:1    +
   38    55  6   0.1%   0.570 AU:201  --:1    +
   35    45  4   0.0%   0.138 AU:204  +
   42    55 11   0.0%   0.692 GC:1    GU:195  --:1    +
   46    66  4   0.0%   0.336 AU:204  +
   47    57  9   0.0%   1.025 GU:195  AU:2    --:2    +
   47    66  9   0.0%   0.355 GU:196  AU:2    --:1    +
   47   133 14   0.0%   0.377 GC:4    GU:186  AU:2    --:2    +
   63    69 19   0.0%   0.002 CG:4    GC:60   GU:123  AU:2    +
   34   135 14   0.0%   0.332 GC:10   GU:179  AU:4    --:1    +
   34   134 14   0.0%   0.332 GC:6    GU:183  AU:4    --:1    +
   15    53  9   0.0%   0.002 CG:131  UG:58   --:10   +
  134   272 25   0.0%   0.350 CG:1    GC:1    UG:7    AU:1    UA:172  --:1    +
   44   133 15   0.0%   0.792 GC:4    GU:187  AU:1    --:1    +
  232   236 24   0.0%   0.009 GC:1    GU:4    AU:1    UA:171  --:7    +
   44   274 46   0.1%   0.874 GC:126  GU:35   UA:1    +
   47   128 25   0.0%   0.358 GC:84   GU:87   UG:2    AU:2    UA:5    --:3    +
   54   272 22   0.1%   0.666 UG:10   UA:176  +
  119   132 21   0.1%   0.101 GU:5    UG:1    AU:179  --:2    +
   47    52 10   0.0%   0.835 GU:195  AU:2    --:1    +
   36    46  5   0.0%   0.009 UA:203  +
  132   272 26   0.0%   0.338 CG:2    GU:1    UG:7    AU:1    UA:170  --:1    +
   42    54 11   0.0%   0.468 GC:1    GU:196  +
   44   128 26   0.0%   0.733 GC:84   GU:88   UG:2    AU:1    UA:5    --:2    +
   15   137 60   0.1%   0.081 CG:82   GU:1    UG:47   AU:3    UA:5    --:10   +
    6    44 15   0.0%   0.051 CG:11   UG:163  UA:1    --:18   +
   44    57 10   0.0%   1.282 GU:196  AU:1    --:1    +
    2    44 17   0.0%   0.021 CG:35   UG:155  UA:1    +
  119   133 19   0.0%   0.055 GU:5    UG:1    AU:181  --:2    +
   46    54  5   0.0%   0.596 AU:203  +
   43    47 10   0.0%   0.053 UG:195  UA:2    --:1    +
   47    55 10   0.0%   0.469 GU:195  AU:1    --:2    +
   44    52 10   0.0%   0.701 GU:196  AU:1    --:1    +
   37    42 11   0.0%   0.041 CG:196  UG:1    +
   36    47 10   0.0%   0.005 UG:195  UA:2    --:1    +
   53   132 10   0.0%   0.605 GC:4    GU:193  --:1    +
   10   119 17   0.0%   0.127 UG:5    AU:1    UA:183  --:2    +
    8   212 23   0.1%   0.199 CG:1    UG:49   UA:134  --:1    +
   16   275 71   0.1%   0.166 GC:86   GU:32   UG:7    AU:4    UA:6    --:2    +
   36   119 12   0.0%   0.043 UG:5    UA:189  --:2    +
   38   134 22   0.1%   0.656 AU:185  --:1    +
   66    70 59   0.2%   0.032 UA:149  +
    2    47 16   0.0%   0.018 CG:35   UG:155  UA:1    --:1    +
   10   137 50   0.1%   0.179 CG:1    GU:2    UG:133  AU:1    UA:21   +
   43   119 12   0.0%   0.276 UG:5    UA:189  --:2    +
   16   271 35   0.0%   0.124 CG:1    GC:114  GU:11   UG:34   AU:2    UA:7    --:4    +
   57   119 11   0.0%   0.697 UG:5    UA:189  --:3    +
  132   212 23   0.0%   0.159 GU:2    UG:48   AU:2    UA:132  --:1    +
   36    44 11   0.0%   0.007 UG:196  UA:1    +
   48    67 11   0.0%   0.196 UG:34   UA:162  --:1    +
    2   138 46   0.1%   0.051 CG:23   GU:2    UG:101  UA:36   +
   66   119 11   0.0%   0.034 UG:5    UA:190  --:2    +
   54   119 11   0.0%   0.410 UG:5    UA:190  --:2    +
   49   133 11   0.0%   0.302 GU:1    AU:194  --:2    +
   53   135 11   0.0%   0.710 GC:10   GU:186  --:1    +
   53   134 11   0.0%   0.614 GC:6    GU:190  --:1    +
   53    61 12   0.0%   0.540 GC:189  GU:7    +
    1    43 47   0.1%   0.026 GU:1    AU:160  +
  115   121 47   0.0%   0.015 CG:2    GC:2    GU:31   UG:8    AU:4    UA:100  --:14   +
   44   271 62   0.1%   0.812 GC:119  GU:20   UG:2    UA:2    --:3    +
  135   212 30   0.0%   0.261 CG:2    GU:1    UG:44   AU:2    UA:128  --:1    +
   77   117 24   0.0%   0.169 GU:1    UG:1    AU:175  UA:1    --:6    +
   52   119 12   0.0%   0.631 UG:5    UA:188  --:3    +
    9   138 83   0.1%   0.177 CG:121  UG:1    UA:2    --:1    +
   34   118 18   0.0%   0.331 GC:33   GU:150  AU:4    --:3    +
   54   212 22   0.1%   0.483 UG:51   UA:135  +
   55   119 12   0.0%   0.274 UG:5    UA:188  --:3    +
   16   115 38   0.0%   0.122 CG:1    GC:1    GU:114  UG:33   AU:3    UA:3    --:15   +
   46   132 12   0.0%   0.401 AU:193  UA:2    --:1    +
    8   119 14   0.0%   0.153 UG:5    UA:186  --:3    +
    1   132 55   0.1%   0.036 CG:1    GU:1    AU:150  --:1    +
   46   117 12   0.0%   0.339 UG:3    AU:187  --:6    +
   44   275 46   0.1%   0.869 GC:107  GU:51   UG:1    UA:2    --:1    +
  150   213 39   0.0%   0.051 CG:4    GC:130  GU:13   UG:3    AU:1    UA:9    --:9    +
   33    58 19   0.0%   0.325 UG:1    AU:181  UA:7    +
   38    54  6   0.0%   0.338 AU:202  +
  132   138 42   0.0%   0.307 CG:3    GC:1    UG:117  AU:2    UA:42   --:1    +
   52   272 20   0.0%   0.859 GC:1    UG:10   UA:176  --:1    +
    1   115 44   0.1%   0.024 CG:16   GU:1    UG:16   AU:117  --:14   +
   51    63 14   0.0%   0.487 CG:192  UA:1    --:1    +
   45   119 14   0.0%   0.293 UG:5    UA:187  --:2    +
   49   132 13   0.0%   0.347 GC:1    AU:192  --:2    +
   31   119 13   0.0%   0.133 UG:5    UA:187  --:3    +
   53    58 13   0.0%   0.809 GC:1    GU:194  +
   42   128 28   0.0%   0.711 GC:85   GU:86   UG:3    UA:4    --:2    +
  136   272 30   0.0%   0.512 CG:1    UG:8    AU:4    UA:165  +
   47   273 75   0.1%   0.454 GC:116  GU:11   UG:2    AU:1    UA:2    --:1    +
   47   213 47   0.0%   0.404 GC:133  GU:21   UG:3    AU:1    UA:1    --:2    +
   57   272 20   0.0%   0.944 UG:10   UA:177  --:1    +
   48   212 27   0.0%   0.281 UG:45   AU:1    UA:134  --:1    +
   53   117 14   0.0%   0.542 GC:1    GU:187  --:6    +
   53   136 14   0.0%   0.766 GC:9    GU:185  +
   36    77 14   0.0%   0.020 UG:1    UA:193  +
   58   212 29   0.0%   0.518 GU:1    UG:48   AU:2    UA:128  +
   49    58 14   0.0%   0.554 GU:1    AU:192  --:1    +
   50   212 29   0.0%   0.326 CG:8    UG:36   AU:1    UA:133  --:1    +
   42   276 53   0.1%   0.882 GC:89   GU:63   UA:2    --:1    +
  230   234 52   0.0%   0.005 CG:51   GC:1    GU:4    UG:74   AU:4    UA:16   --:6    +
   31   212 22   0.0%   0.157 CG:1    UG:49   UA:135  --:1    +
   53   273 74   0.1%   0.650 GC:119  GU:15   +
   10   138 45   0.1%   0.178 CG:1    UG:120  UA:42   +
   53   118 15   0.0%   0.543 GC:33   GU:157  --:3    +
   42   133 17   0.0%   0.743 GC:5    GU:185  --:1    +
   38    73 16   0.0%   0.624 UG:1    AU:191  +
    5    47 16   0.0%   0.032 CG:160  UG:13   --:19   +
   44    58 23   0.0%   1.001 GC:1    GU:183  AU:1    +
    6    42 15   0.0%   0.083 CG:11   UG:164  --:18   +
   10   131 25   0.0%   0.130 UG:7    AU:1    UA:174  --:1    +
   36   131 20   0.0%   0.049 UG:8    UA:179  --:1    +
   68   117 15   0.0%   0.007 GU:1    AU:186  --:6    +
   69   116 31   0.0%   0.006 CG:38   GC:4    AU:10   UA:114  --:11   +
   46   134 15   0.0%   0.413 UG:2    AU:190  --:1    +
   54    77 15   0.0%   0.389 UG:1    UA:192  +
    8    38  8   0.0%   0.157 UA:199  --:1    +
   32   115 40   0.0%   0.010 CG:1    GU:1    UG:34   AU:111  UA:6    --:15   +
    5    44 16   0.0%   0.034 CG:161  UG:13   --:18   +
   37    74 17   0.0%   0.354 CG:190  UG:1    +
   53   213 46   0.1%   0.597 GC:138  GU:23   --:1    +
  133   272 25   0.0%   0.295 UG:9    AU:3    UA:170  --:1    +
   44    69 26   0.0%   0.731 GC:58   GU:123  AU:1    +
   70   115 24   0.0%   0.016 CG:41   AU:126  UA:3    --:14   +
   39    48 17   0.0%   0.033 AU:184  UA:6    --:1    +
   39    50 27   0.0%   0.055 AU:173  UA:7    --:1    +
   39   134 31   0.1%   0.507 AU:175  UA:1    --:1    +
  136   212 34   0.0%   0.331 GU:2    UG:46   AU:2    UA:124  +
   38    45  8   0.0%   0.055 AU:200  +
   67   118 16   0.0%   0.005 GC:33   AU:156  --:3    +
   39    54 20   0.1%   0.153 AU:188  +
   44   276 53   0.0%   0.856 GC:87   GU:65   UG:1    UA:1    --:1    +
   47   275 45   0.0%   0.392 GC:107  GU:50   UG:1    AU:1    UA:2    --:2    +
   42    57 11   0.0%   1.263 GU:196  --:1    +
  133   137 47   0.0%   0.350 CG:2    UG:134  AU:4    UA:20   --:1    +
   57    77 14   0.0%   0.682 UA:193  --:1    +
   46    50 18   0.0%   0.251 AU:185  UA:4    --:1    +
   39   132 24   0.0%   0.489 AU:179  UA:4    --:1    +
   49   134 17   0.0%   0.357 GU:1    AU:188  --:2    +
   55   272 21   0.0%   0.517 UG:10   UA:176  --:1    +
    2   119 52   0.1%   0.034 UG:5    UA:149  --:2    +
    8   131 21   0.0%   0.157 UG:8    UA:177  --:2    +
   33   133 27   0.0%   0.328 UG:1    AU:178  UA:1    --:1    +
  133   138 43   0.0%   0.266 CG:2    UG:121  UA:41   --:1    +
    5    16 42   0.0%   0.004 CG:135  UG:6    AU:3    UA:3    --:19   +
  134   138 43   0.0%   0.320 CG:3    UG:116  AU:4    UA:41   --:1    +
  137   213 62   0.0%   0.375 CG:2    GC:109  GU:13   UG:3    AU:4    UA:14   --:1    +
   48    53 10   0.0%   0.733 UG:197  --:1    +
   38   133 16   0.0%   0.638 AU:191  --:1    +
   10    32 66   0.1%   0.014 GU:2    AU:3    UA:136  --:1    +
   39   136 32   0.0%   0.882 UG:1    AU:174  UA:1    +
   58   131 28   0.0%   0.506 UG:8    AU:2    UA:169  --:1    +
   33   117 28   0.0%   0.325 UG:1    AU:171  UA:2    --:6    +
   10   116 40   0.0%   0.110 GU:2    UG:38   AU:2    UA:115  --:11   +
   57   131 19   0.0%   0.748 UG:8    UA:179  --:2    +
  137   141 78   0.0%   0.345 CG:9    GC:63   GU:34   UG:19   AU:2    UA:3    +
  117   272 30   0.0%   0.271 GC:2    UG:5    UA:165  --:6    +
   38   135 26   0.1%   0.652 AU:181  --:1    +
  128   138 64   0.0%   0.251 CG:59   GU:5    UG:52   AU:1    UA:25   --:2    +
   58   116 39   0.0%   0.437 GU:1    UG:36   AU:6    UA:115  --:11   +
   55   138 37   0.0%   0.482 CG:1    UG:123  UA:46   --:1    +
   34   274 40   0.0%   0.341 GC:131  GU:35   AU:1    UA:1    +
   47   276 52   0.0%   0.377 GC:87   GU:63   UG:1    AU:2    UA:1    --:2    +
   54   131 20   0.0%   0.462 UG:8    UA:179  --:1    +
   48   119 20   0.0%   0.218 UG:5    UA:180  --:3    +
   47   274 45   0.0%   0.397 GC:126  GU:34   AU:1    UA:1    --:1    +
   57   212 21   0.0%   0.761 UG:51   UA:135  --:1    +
   58   137 51   0.0%   0.736 CG:1    GU:1    UG:132  AU:3    UA:20   +
   55   131 20   0.0%   0.325 UG:8    UA:178  --:2    +
   31   131 20   0.0%   0.135 UG:8    UA:178  --:2    +
   52   131 20   0.0%   0.681 UG:8    UA:178  --:2    +
   65   120 42   0.0%   0.001 GC:38   GU:7    UG:1    UA:118  --:2    +
   31   272 23   0.0%   0.276 UG:9    UA:175  --:1    +
   42    72 21   0.0%   0.709 GC:186  GU:1    +
  137   274 76   0.0%   0.363 CG:2    GC:86   GU:29   UG:6    AU:6    UA:3    +
   58   272 33   0.0%   0.697 UG:9    AU:1    UA:165  +
  118   131 60   0.1%   0.094 UG:8    UA:137  --:3    +
  117   131 33   0.0%   0.085 UG:7    UA:162  --:6    +
   35    48 10   0.0%   0.136 AU:197  --:1    +
   33   134 32   0.0%   0.326 UG:2    AU:172  UA:1    --:1    +
   16   136 56   0.0%   0.124 GC:7    GU:130  AU:7    UA:7    --:1    +
   42   135 22   0.0%   0.955 GC:10   GU:175  --:1    +
  138   213 81   0.0%   0.289 CG:2    GC:97   GU:11   UG:2    AU:6    UA:8    --:1    +
  158   204 76   0.0%   0.076 CG:22   GC:54   GU:24   UG:7    AU:7    UA:7    --:11   +
  118   272 58   0.0%   0.274 CG:3    GC:3    GU:1    UG:5    UA:135  --:3    +
   55   212 22   0.0%   0.339 UG:51   UA:134  --:1    +
  229   240 55   0.0%   0.000 CG:1    GC:109  GU:31   UG:1    AU:2    --:9    +
  226   253 55   0.0%   0.001 CG:98   GU:4    UG:41   AU:1    UA:7    --:2    +
   42    52 11   0.0%   0.849 GU:196  --:1    +
   10   215 44   0.0%   0.126 CG:1    UG:124  AU:2    UA:36   --:1    +
  119   135 26   0.0%   0.210 GU:5    AU:175  --:2    +
    6    35 17   0.0%   0.008 UA:173  --:18   +
   52   212 22   0.0%   0.688 UG:50   UA:135  --:1    +
   16   213 90   0.0%   0.128 GC:95   GU:10   UG:2    AU:4    UA:5    --:2    +
   36   116 40   0.0%   0.024 UG:38   AU:1    UA:118  --:11   +
   15   215 48   0.0%   0.012 CG:111  UG:7    AU:1    UA:30   --:11   +
   39    58 29   0.0%   0.745 AU:177  UA:2    +
   58   138 46   0.0%   0.660 CG:1    UG:117  AU:1    UA:43   +
   44   211 28   0.0%   0.777 GC:163  GU:9    --:8    +
   53   274 37   0.0%   0.590 GC:134  GU:37   +
   39   117 24   0.0%   0.474 UG:4    AU:174  --:6    +
   46   135 23   0.0%   0.509 UG:1    AU:183  --:1    +
    1   133 52   0.0%   0.029 CG:1    GU:1    AU:153  --:1    +
   49   136 23   0.0%   0.508 GU:1    AU:183  --:1    +
   42    58 24   0.0%   0.980 GC:1    GU:183  +
   81   274 72   0.0%   0.038 CG:1    GC:96   GU:18   UG:6    AU:5    UA:7    --:3    +
   50   272 36   0.0%   0.496 UG:8    AU:2    UA:161  --:1    +
   34   276 48   0.0%   0.332 GC:89   GU:67   AU:2    UA:1    --:1    +
    2    38 47   0.1%   0.014 UA:161  +
   33   135 36   0.0%   0.325 UG:1    AU:169  UA:1    --:1    +
   42   117 25   0.0%   0.712 GC:1    GU:176  --:6    +
   48   131 28   0.0%   0.271 UG:8    UA:170  --:2    +
  137   211 61   0.0%   0.326 GC:124  GU:4    UG:1    AU:1    UA:9    --:8    +
   47   271 61   0.0%   0.368 GC:119  GU:19   UG:2    AU:1    UA:2    --:4    +
   36    42 12   0.0%   0.038 UG:196  +
   54   138 37   0.0%   0.613 CG:1    UG:124  UA:46   +
   22    28 24   0.0%   0.000 UG:170  UA:12   --:2    +
  215   275 75   0.0%   0.038 CG:1    GC:81   GU:30   UG:3    AU:13   UA:3    --:2    +
   35   133 12   0.0%   0.379 AU:195  --:1    +
   42   136 25   0.0%   1.011 GC:9    GU:174  +
   46   133 14   0.0%   0.359 AU:193  --:1    +
   46   118 44   0.0%   0.341 UG:3    AU:157  UA:1    --:3    +
   58   119 25   0.0%   0.455 UG:5    UA:176  --:2    +
   38    50 25   0.0%   0.065 AU:181  UA:1    --:1    +
   77   118 52   0.0%   0.169 GU:1    UG:1    AU:150  UA:1    --:3    +
   45   138 39   0.0%   0.533 CG:1    UG:123  UA:45   +
   42   118 26   0.0%   0.710 GC:23   GU:156  --:3    +
   39    73 26   0.0%   0.472 UG:1    AU:181  +
   35   132 15   0.0%   0.385 AU:192  --:1    +
    5   215 66   0.0%   0.086 CG:111  UG:8    AU:1    UA:3    --:19   +
  130   271 80   0.0%   0.008 CG:11   GC:70   GU:4    UG:23   AU:9    UA:8    --:3    +
    1    36 45   0.0%   0.003 GU:1    AU:161  UA:1    +
   52   116 40   0.0%   0.612 GC:1    UG:38   UA:117  --:12   +
   36   137 47   0.0%   0.093 UG:138  AU:1    UA:22   +
   54   116 41   0.0%   0.392 CG:1    UG:37   UA:118  --:11   +
    1    58 54   0.0%   0.011 GU:1    UG:1    AU:151  UA:1    +
   16   134 56   0.0%   0.119 GC:3    GU:136  AU:6    UA:5    --:2    +
    8   215 41   0.0%   0.160 CG:2    UG:125  UA:38   --:2    +
   16   133 56   0.0%   0.120 GC:3    GU:138  AU:6    UA:3    --:2    +
   42    69 27   0.0%   0.708 GC:66   GU:115  +
  215   274 85   0.0%   0.047 CG:1    GC:87   GU:19   UG:3    AU:9    UA:3    --:1    +
    8   137 49   0.0%   0.172 CG:2    UG:134  UA:22   --:1    +
   81   276 73   0.0%   0.015 GC:69   GU:40   UG:5    AU:6    UA:11   --:4    +
    3    44 82   0.0%   0.010 CG:102  UG:15   AU:9    +
    5   150 29   0.0%   0.081 CG:142  UG:12   --:25   +
    5    81 59   0.0%   0.030 CG:117  UG:4    AU:2    UA:5    --:21   +
   39   118 49   0.0%   0.474 UG:3    AU:150  UA:3    --:3    +
   42   278 57   0.0%   0.875 GC:72   GU:70   UA:7    --:2    +
   34   275 45   0.0%   0.340 GC:108  GU:53   UA:1    --:1    +
   38   132 19   0.0%   0.635 AU:188  --:1    +
   39    55 20   0.0%   0.370 AU:187  --:1    +
   33   132 30   0.0%   0.332 AU:175  UA:2    --:1    +
   81   275 77   0.0%   0.031 GC:87   GU:24   UG:8    AU:3    UA:5    --:4    +
  229   235 47   0.0%   0.001 CG:3    GC:146  UG:1    --:11   +
   55    77 15   0.0%   0.253 UA:192  --:1    +
   38    48 15   0.0%   0.052 AU:192  --:1    +
   38   117 20   0.0%   0.627 AU:182  --:6    +
   53   128 31   0.0%   0.540 GC:86   GU:89   --:2    +
   35   117 16   0.0%   0.375 AU:186  --:6    +
   35    58 15   0.0%   0.374 AU:193  +
   55   137 48   0.0%   0.553 CG:1    UG:136  UA:22   --:1    +
    2    77 50   0.0%   0.019 UG:1    AU:2    UA:155  +
   54   137 48   0.0%   0.689 CG:1    UG:137  UA:22   +
   45   137 50   0.0%   0.610 CG:1    UG:135  UA:22   +
   53   275 42   0.0%   0.583 GC:112  GU:53   --:1    +
   50   119 32   0.0%   0.268 UG:5    UA:168  --:3    +
    1    10 49   0.0%   0.000 GU:1    AU:157  UA:1    +
   34   213 50   0.0%   0.334 GC:134  GU:21   AU:2    --:1    +
   42    71 57   0.0%   0.710 GC:10   GU:131  UG:10   +
  234   249 86   0.0%   0.191 GC:97   GU:10   UG:4    AU:3    UA:2    --:6    +
    1    45 49   0.0%   0.014 GU:1    AU:158  +
   47    65 53   0.0%   0.355 GU:143  UG:9    AU:2    --:1    +
   56   137 71   0.0%   0.955 CG:135  UG:1    --:1    +
    6    33 35   0.0%   0.000 AU:1    UA:154  --:18   +
   33   118 52   0.0%   0.325 UG:1    AU:150  UA:2    --:3    +
    8    77 17   0.0%   0.134 UA:190  --:1    +
    6    46 21   0.0%   0.049 UA:169  --:18   +
   57   138 37   0.0%   0.902 UG:124  UA:46   --:1    +
   35   134 18   0.0%   0.376 AU:189  --:1    +
    9   215 76   0.0%   0.124 CG:125  GC:1    UG:1    UA:3    --:2    +
   46    58 18   0.0%   0.608 AU:190  +
   31   138 37   0.0%   0.169 UG:124  UA:46   --:1    +
    8   116 43   0.0%   0.136 UG:38   UA:115  --:12   +
    9   150 37   0.0%   0.121 CG:160  UG:2    --:9    +
    4   211 76   0.0%   0.030 CG:5    GC:99   GU:2    AU:1    --:25   +
    3    16 78   0.0%   0.001 CG:84   UG:7    AU:33   UA:5    --:1    +
   43   138 38   0.0%   0.491 UG:125  UA:45   +
   42    48 20   0.0%   0.040 GU:187  --:1    +
    3   215 91   0.0%   0.005 CG:86   UG:8    AU:19   UA:3    --:1    +
   52   138 38   0.0%   0.833 UG:123  UA:46   --:1    +
   43   116 41   0.0%   0.256 UG:38   UA:118  --:11   +
   50   131 39   0.0%   0.319 UG:8    UA:159  --:2    +
   48   116 44   0.0%   0.200 UG:36   UA:116  --:12   +
   39    43 20   0.0%   0.067 AU:188  +
   64    68 63   0.0%   0.006 UG:1    UA:144  +
   53   276 47   0.0%   0.567 GC:90   GU:70   --:1    +
   57   116 40   0.0%   0.678 UG:38   UA:118  --:12   +
    3    47 80   0.0%   0.003 CG:103  UG:13   AU:9    UA:2    --:1    +
   39    45 22   0.0%   0.034 AU:186  +
    9    16 62   0.0%   0.002 CG:141  UG:1    UA:2    --:2    +
   33   136 40   0.0%   0.327 UG:2    AU:166  +
    8    33 22   0.0%   0.002 UA:185  --:1    +
   55   116 41   0.0%   0.256 UG:38   UA:117  --:12   +
   43   215 42   0.0%   0.290 UG:127  UA:38   --:1    +
   17   274 41   0.0%   0.010 GC:129  GU:36   --:2    +
   52   215 41   0.0%   0.612 UG:127  UA:38   --:2    +
   16    30 62   0.0%   0.002 GC:142  GU:1    AU:1    --:2    +
   45   116 42   0.0%   0.274 UG:38   UA:117  --:11   +
   31   116 42   0.0%   0.118 UG:37   UA:117  --:12   +
   57   137 48   0.0%   0.979 UG:137  UA:22   --:1    +
    2    39 61   0.0%   0.012 UA:147  +
   36   215 42   0.0%   0.193 UG:127  UA:38   --:1    +
   81   273 85   0.0%   0.095 GC:89   GU:9    UG:8    UA:14   --:3    +
   56   138 83   0.0%   0.878 CG:122  UG:1    UA:1    --:1    +
   35   135 22   0.0%   0.376 AU:185  --:1    +
    8    39 22   0.0%   0.163 UA:185  --:1    +
    1     8 48   0.0%   0.001 GU:1    AU:158  --:1    +
   51   137 70   0.0%   0.785 CG:135  UG:1    AU:1    --:1    +
    1    57 46   0.0%   0.011 GU:1    AU:160  --:1    +
   42   271 70   0.0%   0.806 GC:114  GU:20   UA:1    --:3    +
   49   118 48   0.0%   0.285 GU:1    AU:155  --:4    +
   43   137 48   0.0%   0.567 UG:138  UA:22   +
    1    54 47   0.0%   0.011 GU:1    AU:160  +
   35   136 24   0.0%   0.379 AU:184  +
   52   137 49   0.0%   0.909 UG:136  UA:22   --:1    +
    1    55 47   0.0%   0.011 GU:1    AU:159  --:1    +
   31   137 48   0.0%   0.182 UG:137  UA:22   --:1    +
   42   141 77   0.0%   0.801 GC:82   GU:39   UG:10   +
   46   136 26   0.0%   0.565 AU:182  +
   56    81 74   0.0%   0.649 CG:129  UG:2    --:3    +
    6    77 29   0.0%   0.049 UA:161  --:18   +
   44   278 71   0.0%   0.847 GC:71   GU:64   --:2    +
   53   278 61   0.0%   0.559 GC:73   GU:72   --:2    +
   53   271 61   0.0%   0.553 GC:124  GU:20   --:3    +
   37   215 79   0.0%   0.601 CG:127  UG:1    --:1    +
   47   278 71   0.0%   0.369 GC:70   GU:64   --:3    +
   37   150 35   0.0%   0.597 CG:165  --:8    +
   43    70 60   0.0%   0.255 UA:148  +
   17   273 76   0.0%   0.011 GC:115  GU:15   --:2    +
   51   138 85   0.0%   0.709 CG:121  UG:1    --:1    +
   34   273 79   0.0%   0.343 GC:115  GU:14   +
   56   215 79   0.0%   0.654 CG:126  UA:1    --:2    +
    2    35 43   0.0%   0.000 UA:165  +
    3    53 90   0.0%   0.003 CG:103  UG:15   +
    2    46 47   0.0%   0.018 UA:161  +
   35   118 49   0.0%   0.375 AU:156  --:3    +
   37    81 73   0.0%   0.352 CG:132  --:3    +
.......(((.....((((........)))).)))...(..(..(((...)))..))((((((........))))))...(((((((....)))))))...................................................((((.((((...........(((((..............).))))........)))).))))...((((((....(((((...................)))))............)))))).......
