100 sequence; length of alignment 203
alifold output
   27    47  0 100.0%   0.000 CG:52   GC:26   GU:9    AU:12   UA:1   
   13   154  0 100.0%   0.000 CG:73   GC:1    UG:1    AU:24   UA:1   
  120   149  0  99.6%   0.013 CG:64   GC:1    UG:1    AU:20   UA:13   --:1   
   60   117  0  99.4%   0.018 GC:46   GU:10   UG:5    AU:39  
   12   155  0  99.2%   0.060 GC:74   GU:24   AU:1    UA:1   
   31    46  1 100.0%   0.000 CG:3    GC:41   GU:4    UG:5    AU:39   UA:7   
   75    92  0 100.0%   0.001 CG:95   UG:2    UA:3   
  185   192  1  99.9%   0.012 CG:8    GC:84   GU:2    UG:1    AU:1    UA:3   
   14   153  1 100.0%   0.000 CG:24   GC:22   GU:2    AU:38   UA:13  
  122   147  1  99.6%   0.011 CG:1    GC:26   GU:1    AU:70   UA:1   
   18    55  1 100.0%   0.000 CG:2    GC:85   GU:7    AU:5   
  121   148  1 100.0%   0.000 CG:5    GC:88   GU:1    UG:4    --:1   
   61   116  2 100.0%   0.002 CG:1    GC:80   GU:2    UG:2    AU:12   UA:1   
  184   193  1  99.9%   0.011 CG:86   UG:5    AU:4    UA:4   
  175   200  0  98.9%   0.129 GC:88   GU:6    AU:5    --:1   
   15   152  3  99.9%   0.004 CG:16   GC:65   GU:4    UG:9    AU:1    UA:1    --:1   
   19    54  2 100.0%   0.000 CG:1    GC:80   GU:3    AU:14  
   20    53  2 100.0%   0.000 GC:35   UG:26   AU:33   UA:4   
   74    93  3 100.0%   0.000 CG:76   GC:4    UG:2    AU:6    UA:9   
  183   194  3  99.9%   0.007 CG:3    GC:87   GU:4    UG:1    AU:1    --:1   
   21    52  4 100.0%   0.001 CG:24   GC:28   GU:28   UG:5    AU:4    UA:7   
   26    48  5 100.0%   0.000 CG:54   GC:27   GU:2    UG:6    AU:2    UA:4   
  176   199  1  98.9%   0.129 GC:91   GU:1    AU:5    UA:1    --:1   
   68   101  4 100.0%   0.002 GC:52   GU:18   UG:22   AU:4   
   62   115  6  99.9%   0.004 GC:83   GU:3    UG:2    UA:6   
   25    49  3  99.2%   0.023 CG:12   GC:7    UG:2    AU:53   UA:23  
   72    96 11  99.9%   0.003 CG:24   GC:5    GU:13   UG:8    AU:37   UA:1    --:1   
   73    95 10  99.8%   0.006 CG:10   GC:22   GU:1    UG:26   AU:3    UA:18   --:10  
  177   198  2  98.9%   0.126 GC:80   GU:1    AU:16   --:1   
   71    98  4  98.6%   0.043 CG:46   GC:1    UG:34   AU:1    UA:6    --:8   
   32    45  9  99.1%   0.032 CG:19   UG:66   AU:2    UA:4   
   67   102  7  99.0%   0.031 GC:22   GU:58   UG:1    AU:12  
  174   201  5  98.6%   0.142 CG:7    GC:61   GU:18   UG:6    AU:2    --:1   
   69   100 19  99.0%   0.030 CG:51   GC:3    GU:16   UG:7    AU:3    UA:1   
   16    56 28  96.5%   0.104 GC:39   GU:27   UA:1    --:5   
   22    51 23  94.4%   0.163 CG:2    GU:7    UG:7    AU:53   UA:8   
  128   137  0  90.5%   0.420 CG:91   GC:2    UG:4    UA:3   
  127   138  1  90.7%   0.507 CG:86   GC:1    GU:1    UA:11  
  186   191  4  85.7%   0.403 CG:2    UG:87   --:7   
   35    41  9  81.5%   0.503 UA:91  
   36    40 23  80.3%   0.530 CG:76   --:1   
  125   142  1  61.2%   0.901 CG:11   GC:10   GU:10   UG:41   AU:22   UA:5   
  124   143 17  62.5%   0.890 CG:19   GU:8    UG:10   AU:1    UA:44   --:1   
  129   135 15  52.2%   1.047 CG:79   UG:1    --:5   
  123   145  5  47.9%   1.067 CG:7    GC:1    GU:1    UG:1    UA:81   --:4   
    9   165 19  29.5%   1.371 CG:79   UG:2    +
    8   166 32  29.3%   1.294 CG:67   --:1    +
  126   142 33  28.7%   1.496 CG:43   GC:6    GU:3    UG:1    AU:7    UA:1    --:6    +
    4   169  9  26.7%   1.625 CG:88   UG:1    --:2    +
    5   168 21  25.4%   1.127 UA:78   --:1    +
    4    11  0  19.9%   0.970 CG:96   UG:1    AU:1    --:2    +
   11   157  1  19.8%   1.380 GC:7    GU:90   UA:1    --:1    +
   10   158  7  20.4%   1.102 UA:93   +
   65   105 25  15.3%   0.864 CG:3    GC:48   GU:2    UG:12   AU:3    UA:7    +
    3   164  0   5.3%   0.486 GU:1    AU:97   --:2    +
    9   169 11   7.1%   1.391 CG:88   UG:1    +
   11   167  7   6.9%   1.320 GC:24   GU:69   +
   10   168 18   7.1%   1.428 AU:1    UA:81   +
  129   137  7   5.9%   1.049 CG:88   UG:5    +
  128   138 14   5.7%   0.817 CG:78   GC:1    UG:7    +
    4   163 44   5.7%   0.813 CG:53   UG:1    --:2    +
  127   137  5   3.6%   0.361 CG:83   GC:1    UG:11   +
  126   138 27   3.6%   0.361 CG:48   GC:1    GU:1    UG:8    UA:9    --:6    +
    7   164  1   2.7%   0.582 AU:98   --:1    +
  175   198  0   0.0%   0.000 GC:82   GU:12   AU:5    --:1    +
    8   163 45   2.7%   0.454 CG:54   --:1    +
    8   173 39   2.5%   0.847 CG:56   --:5    +
    8   165 17   2.4%   0.532 CG:81   UG:1    --:1    +
    6   165 19   2.3%   0.408 UG:80   --:1    +
  127   142 46   2.3%   1.124 CG:51   GU:1    UG:1    UA:1    +
    6   168 18   2.1%   0.757 AU:2    UA:79   --:1    +
   78    86  0   0.1%   0.030 UG:1    UA:99   +
    3   161  0   0.1%   0.024 GU:1    AU:97   --:2    +
   36    43 11   1.9%   0.417 CG:89   +
    3   162  0   0.0%   0.022 GU:1    AU:97   --:2    +
    3   160  0   0.0%   0.014 GC:1    AU:97   --:2    +
   77    84  0   0.0%   0.001 CG:8    UG:92   +
   78    92  0   0.0%   0.010 UG:97   UA:3    +
   75    84  0   0.0%   0.000 CG:95   UG:5    +
   10   156  3   1.4%   0.192 UG:21   UA:76   +
   84    89 10   1.7%   0.232 GC:38   GU:52   +
   56   119  1   0.4%   0.096 CG:56   UG:2    UA:5    --:36   +
    5   169  8   1.4%   0.961 CG:1    UG:89   UA:1    --:1    +
    5   159  3   1.2%   0.169 UG:7    UA:89   --:1    +
   12   160  1   0.0%   0.073 GC:1    GU:97   AU:1    +
    7   160  1   1.0%   0.191 AU:98   --:1    +
    6   158  9   1.4%   0.185 UA:90   --:1    +
    4   165 17   1.3%   0.660 CG:80   UG:1    --:2    +
  175   199  5   1.1%   0.145 GC:87   GU:7    --:1    +
   11   155  2   0.7%   0.437 GC:73   GU:25   +
  176   198  7   1.1%   0.145 GC:76   GU:16   --:1    +
   10   159  2   0.6%   0.548 UG:7    UA:91   +
  177   197  9   1.0%   0.136 GC:28   GU:46   UG:1    --:16   +
  174   200 16   1.1%   0.147 GC:74   GU:8    AU:1    --:1    +
  173   201 26   1.1%   0.257 CG:8    GC:45   GU:6    AU:10   --:5    +
   11   160  1   0.2%   0.777 GC:1    GU:98   +
    7   157 10   1.1%   0.152 AU:88   --:2    +
  159   164  1   0.1%   0.395 GU:7    AU:92   +
    3    10  1   0.1%   0.019 GU:1    AU:96   --:2    +
   35    45  4   0.4%   0.275 UG:84   AU:1    UA:11   +
   11   162  1   0.5%   0.818 GU:99   +
   78    84  0   0.0%   0.003 UG:100  +
   12   161  1   0.0%   0.059 GU:98   AU:1    +
   12   162  1   0.0%   0.052 GU:98   AU:1    +
   12   164  1   0.0%   0.281 GU:98   AU:1    +
    7   161  1   0.4%   0.166 AU:98   --:1    +
   11   161  1   0.4%   0.791 GU:99   +
   84    91 22   0.8%   0.205 GC:59   GU:19   +
  184   191  3   0.1%   0.014 CG:80   UG:9    UA:1    --:7    +
    9   163 46   0.8%   0.370 CG:54   +
   84    88  5   0.4%   0.073 GC:11   GU:84   +
  156   162  2   0.1%   0.133 GU:21   AU:77   +
  156   161  2   0.1%   0.132 GU:21   AU:77   +
   11   164  1   0.2%   1.050 GU:99   +
    5    11  2   0.1%   0.341 CG:1    UG:96   --:1    +
  156   164  2   0.0%   0.354 GU:21   AU:77   +
  123   143  8   0.1%   0.026 CG:10   GC:1    GU:2    UG:28   UA:51   +
  128   135 15   0.5%   0.085 CG:76   UG:4    --:5    +
    7   162  1   0.2%   0.152 AU:98   --:1    +
   70   100  6   0.0%   0.015 CG:20   GC:4    UG:51   AU:19   +
  187   191  4   0.2%   0.170 CG:1    UG:88   --:7    +
  160   169  7   0.2%   0.718 CG:1    UG:91   UA:1    +
   32    43  8   0.1%   0.018 CG:26   UG:64   AU:1    UA:1    +
    4    12  3   0.0%   0.327 CG:94   UG:1    --:2    +
   35    42  8   0.4%   0.237 UA:92   +
   35    43  8   0.1%   0.213 CG:1    UG:88   AU:1    UA:2    +
  156   160  3   0.0%   0.128 GU:21   AU:76   +
  183   192  8   0.1%   0.014 CG:3    GC:84   GU:2    UA:2    --:1    +
   85    92  3   0.0%   0.001 CG:94   UG:3    +
   18    56  5   0.0%   0.035 GC:65   GU:22   AU:3    --:5    +
   77    92  3   0.0%   0.004 CG:5    UG:92   +
   87    92  3   0.0%   0.001 CG:94   UG:2    --:1    +
    8    12  3   0.0%   0.002 CG:95   UG:1    --:1    +
    6   159  4   0.1%   0.136 UG:7    UA:88   --:1    +
    4   166 31   0.4%   0.617 CG:66   UG:1    --:2    +
  180   195 20   0.3%   0.048 CG:17   GC:3    UG:5    AU:38   --:17   +
    6   169  6   0.0%   0.660 UG:90   AU:2    UA:1    --:1    +
    5   165 17   0.3%   0.176 CG:1    UG:81   --:1    +
    5   156  4   0.0%   0.007 UG:21   UA:74   --:1    +
   12   157  4   0.0%   0.382 GC:6    GU:89   --:1    +
  121   147  9   0.0%   0.000 GC:24   GU:64   UG:1    AU:1    --:1    +
   21    53 16   0.0%   0.001 CG:22   GC:23   GU:32   UG:4    AU:1    UA:2    +
    6   156  5   0.0%   0.010 UG:21   UA:73   --:1    +
  158   164  6   0.2%   0.694 AU:94   +
    4   173 38   0.3%   0.968 CG:55   UG:1    --:6    +
  161   169  7   0.1%   0.708 UG:92   UA:1    +
  157   169  9   0.0%   0.993 CG:7    UG:82   UA:1    --:1    +
    1     6  8   0.1%   0.018 UG:1    AU:84   --:7    +
    1    10  6   0.0%   0.011 AU:86   UA:1    --:7    +
   13   165  9   0.0%   0.622 CG:73   UG:2    AU:16   +
  164   169  7   0.0%   0.930 UG:92   UA:1    +
  162   169  7   0.0%   0.691 UG:92   UA:1    +
    2   166 18   0.1%   0.028 GC:1    UG:63   AU:6    UA:5    --:7    +
  119   148  6   0.0%   0.021 GC:57   GU:1    --:36   +
  176   197 10   0.0%   0.000 GC:28   GU:42   AU:4    --:16   +
   66   102 19   0.0%   0.005 GC:11   GU:11   UG:1    AU:57   UA:1    +
   19    55 14   0.0%   0.000 CG:1    GC:72   GU:12   UG:1    +
    5   174 14   0.0%   0.488 CG:1    UG:81   AU:1    UA:2    --:1    +
  161   168 19   0.2%   0.723 UA:81   +
   77    86  8   0.0%   0.010 UG:1    UA:91   +
  157   165 18   0.2%   1.024 CG:7    UG:74   --:1    +
  176   200  7   0.0%   0.118 GC:82   GU:10   --:1    +
   77    93 11   0.0%   0.004 CG:8    UG:72   UA:9    +
  167   174 15   0.0%   0.195 CG:21   GU:4    UG:59   UA:1    +
    2   169 12   0.0%   0.023 GU:1    UG:77   AU:3    --:7    +
  160   166 25   0.1%   0.490 CG:1    UG:67   UA:7    +
  169   201 16   0.0%   0.632 GC:58   GU:21   UG:3    AU:1    --:1    +
    2    11 12   0.1%   0.018 UG:80   AU:1    --:7    +
    2   156 13   0.0%   0.011 UG:14   AU:1    UA:65   --:7    +
   10   169  8   0.0%   1.228 UG:91   UA:1    +
    6    11  4   0.0%   0.342 UG:95   --:1    +
    3   157  9   0.0%   0.010 GU:1    AU:87   --:3    +
  118   149 18   0.0%   0.000 CG:4    UG:47   AU:20   UA:10   --:1    +
  159   167 23   0.1%   0.308 GC:7    AU:70   +
    6   174 14   0.0%   0.243 UG:81   AU:2    UA:2    --:1    +
  155   169  9   0.0%   0.651 CG:66   UG:25   +
    2   168 20   0.0%   0.026 GU:1    AU:5    UA:67   --:7    +
  182   193 22   0.1%   0.012 CG:8    GU:3    UG:65   --:2    +
    1   157 11   0.0%   0.011 AU:80   UA:1    --:8    +
   62   116 16   0.0%   0.003 GC:69   GU:14   UA:1    +
  153   165 22   0.0%   0.622 CG:22   GU:12   UG:40   AU:4    +
  185   190 16   0.1%   0.013 GC:79   GU:4    --:1    +
  160   165 16   0.1%   0.708 CG:1    UG:83   +
  166   201 28   0.0%   0.408 CG:3    GC:46   GU:16   UG:4    AU:2    --:1    +
  165   202 24   0.0%   0.644 GC:11   GU:53   UG:4    UA:7    --:1    +
    9   166 33   0.1%   0.812 CG:67   +
   10   165 17   0.1%   1.061 UG:83   +
   35    40 21   0.0%   0.008 CG:1    UG:74   UA:3    --:1    +
  152   166 29   0.0%   0.399 CG:50   GC:1    GU:11   UG:5    AU:3    --:1    +
  156   167 24   0.0%   0.266 GC:6    GU:15   UG:1    AU:54   +
    8   169  9   0.1%   0.976 CG:90   --:1    +
  158   162  6   0.0%   0.437 AU:94   +
   61   117 18   0.0%   0.007 GC:33   GU:46   AU:3    +
  175   201 20   0.0%   0.123 GC:57   GU:21   AU:1    --:1    +
   68   102 28   0.0%   0.012 GC:3    GU:67   AU:1    UA:1    +
  165   201 28   0.0%   0.641 GC:56   GU:13   UG:1    UA:1    --:1    +
    1   164  7   0.0%   0.014 AU:86   --:7    +
    1   162  7   0.0%   0.012 AU:86   --:7    +
  127   135 14   0.0%   0.000 CG:70   UG:11   --:5    +
  126   137 29   0.0%   0.000 CG:47   GC:1    UG:16   UA:1    --:6    +
   32    40 22   0.0%   0.000 CG:14   UG:62   UA:1    --:1    +
  162   168 19   0.1%   0.704 UA:81   +
    5   158  8   0.0%   0.011 UA:91   --:1    +
   61   115 24   0.0%   0.003 GC:70   GU:5    UA:1    +
   38    43 39   0.0%   0.089 CG:38   GU:5    UG:16   AU:1    UA:1    +
    1   161  7   0.0%   0.010 AU:86   --:7    +
  142   146 40   0.0%   0.744 CG:9    GC:41   GU:1    UG:4    AU:1    --:4    +
  161   165 16   0.1%   0.705 UG:84   +
  129   138 16   0.0%   0.878 CG:80   UG:4    +
    1   160  8   0.0%   0.011 AU:85   --:7    +
  181   193 16   0.0%   0.000 CG:67   UG:11   --:6    +
    4   174 17   0.0%   0.936 CG:80   UG:1    --:2    +
  155   165 17   0.0%   0.665 CG:58   UG:25   +
  174   199 17   0.0%   0.001 GC:78   GU:4    --:1    +
  121   146 26   0.0%   0.000 CG:5    GC:61   GU:3    --:5    +
   11   201 17   0.0%   0.950 GC:61   GU:21   --:1    +
   16   152 27   0.0%   0.036 CG:4    GC:63   GU:5    --:1    +
    8   174 19   0.0%   0.646 CG:79   UG:1    --:1    +
  177   199 18   0.0%   0.115 GC:75   GU:6    --:1    +
    1     5  9   0.0%   0.001 AU:84   --:7    +
   62   105 34   0.0%   0.003 GC:54   GU:5    UA:7    +
   75    93 20   0.0%   0.000 CG:75   UG:5    +
    9   174 20   0.0%   0.596 CG:78   UG:2    +
   60   116 45   0.0%   0.002 GC:42   GU:9    AU:3    UA:1    +
  161   166 25   0.0%   0.469 UG:68   UA:7    +
   67   101 33   0.0%   0.001 GC:43   GU:23   UG:1    +
   36    45 15   0.0%   0.291 CG:85   +
    2     7 14   0.0%   0.006 UA:78   --:8    +
  162   166 25   0.0%   0.458 UG:68   UA:7    +
    9   173 39   0.0%   0.706 CG:55   GU:1    UG:1    --:4    +
  157   168 25   0.0%   1.005 AU:1    UA:73   --:1    +
  155   163 38   0.0%   0.340 CG:55   UG:1    UA:6    +
  173   200 38   0.0%   0.110 GC:46   GU:10   AU:1    --:5    +
  154   164 25   0.0%   0.271 GU:74   AU:1    +
    2   159 14   0.0%   0.012 UA:79   --:7    +
   10   166 26   0.0%   0.829 UG:68   UA:6    +
   67   105 41   0.0%   0.299 GC:51   GU:7    UA:1    +
  160   168 20   0.0%   0.703 UA:80   +
  128   142 46   0.0%   1.026 CG:48   GU:2    UG:4    +
    2   158 19   0.0%   0.012 UA:74   --:7    +
   16    55 31   0.0%   0.000 GC:58   GU:11   +
   15    56 31   0.0%   0.000 GC:38   GU:26   --:5    +
  164   168 19   0.0%   0.936 UA:81   +
   32    42 34   0.0%   0.002 UA:66   +
...........(((((.(((((..(((...((..((...))...))))).))))))...(((....(((.(((((................)).)).).)))............)))..((((((.(((.....).))...)).).)))..))))..................((((.....((((....))))...))))..
